// Jest Snapshot v1, https://goo.gl/fbAQLP

exports[`inserts estimate time 1`] = `
<div
  class="innerText"
  data-testid="estimate"
>
  ROUTE: 20
  <br />
  STOP: Madison & Jefferson
  <br />
  DIRECTION: Westbound
  <br />
  ARRIVING AT: 12:02
  <br />
</div>
`;
